[backblue.gif]
[fade.gif]
[index.html]
[us.pycon.org/2018/site_media/static/img/pycon2018.f76001445fbb.png]
[ajax.googleapis.com/ajax/libs/jquery/1.11.1/jquery.min.js]
[us.pycon.org/2018/site_media/static/js/site.1e95633d4318.js]
[ajax.googleapis.com/ajax/libs/jqueryui/1.10.4/jquery-ui.js]
[us.pycon.org/2018/site_media/static/cache/js/6f4a8148a968.js]
[us.pycon.org/2018/site_media/static/img/tutorial-photo.e4fab76a2c8d.jpg]
[us.pycon.org/2018/site_media/static/img/talks-photo.3ab308f3ecaf.jpg]
[us.pycon.org/2018/site_media/static/img/sprints-photo.b036d4de98c1.jpg]
[us.pycon.org/2018/site_media/static/img/PNG/tutorials-icon.52a162b4d76e.png]
[us.pycon.org/2018/site_media/static/img/PNG/conference-icon.b3147c0843a2.png]
[us.pycon.org/2018/site_media/static/img/PNG/sprints-icon.42b9f645d48c.png]
[us.pycon.org/2018/site_media/media/sponsor_files/microsoft-logo.png.300x300_q85.jpg]
[us.pycon.org/2018/site_media/media/sponsor_files/googlelogo_color_836x272dp.png.300x300_q85.png]
[us.pycon.org/2018/site_media/media/sponsor_files/aws_logo_smile_1200x630.png.300x300_q85.png]
[us.pycon.org/2018/site_media/media/sponsor_files/jpm_chase_logo_final.gif.260x240_q85_IHQrHXC.png.300x300_q85.png]
[us.pycon.org/2018/site_media/media/sponsor_files/Anaconda_horizontal_RGB_wRzyutP.png.300x300_q85.png]
[us.pycon.org/2018/site_media/media/sponsor_files/Pycon_HouseCanary_Logo_screen_2.png.300x300_q85.png]
[us.pycon.org/2018/site_media/media/sponsor_files/Logo-2C-66px-TM_J0uXAzJ.png.300x300_q85.png]
[us.pycon.org/2018/site_media/media/sponsor_files/logoBBGblck_Reg.png.300x300_q85.png]
[us.pycon.org/2018/site_media/media/sponsor_files/Logo_6.png.300x300_q85.png]
[us.pycon.org/2018/site_media/media/sponsor_files/Yelp_RGB_outline.png.300x300_q85.png]
[us.pycon.org/2018/site_media/media/sponsor_files/Okta_Logo_BrightBlue_Large_lWrMlaB.png.300x300_q85.png]
[us.pycon.org/2018/site_media/media/sponsor_files/American-Greetings-48.png.300x300_q85.png]
[us.pycon.org/2018/site_media/media/sponsor_files/Logo_JhtVjm1.png.300x300_q85.jpg]
[us.pycon.org/2018/site_media/media/sponsor_files/citus-logo.png.300x300_q85.png]
[us.pycon.org/2018/site_media/media/sponsor_files/squarespace-logo-horizontal-black.jpg.300x300_q85.jpg]
[us.pycon.org/2018/site_media/media/sponsor_files/new-square-550x550.png.300x300_q85.jpg]
[us.pycon.org/2018/site_media/media/sponsor_files/Nylas_Seafoam_Logo.png.300x300_q85.png]
[us.pycon.org/2018/site_media/media/sponsor_files/Elastic_logo.png.300x300_q85.png]
[us.pycon.org/2018/site_media/media/sponsor_files/sixfeetup-logo-1.png.300x300_q85.png]
[us.pycon.org/2018/site_media/media/sponsor_files/DataCamp_Horizontal_RGB-615b3d585d047d896bb571858d527d501a883e93b402818e96_L1JFFx7.png.300x300_q85.png]
[us.pycon.org/2018/site_media/media/sponsor_files/AQR_Cyan_rgb_hires_0VHQObH.jpg.300x300_q85.jpg]
[us.pycon.org/2018/site_media/media/sponsor_files/Patreon_wordmark_navy.png.300x300_q85.png]
[us.pycon.org/2018/site_media/media/sponsor_files/20160527_Stan_icon_4v_black.png.300x300_q85.png]
[us.pycon.org/2018/site_media/media/sponsor_files/logo_5.png.300x300_q85.png]
[us.pycon.org/2018/site_media/media/sponsor_files/Nexmo_VonageAPI_vert.jpg.300x300_q85.jpg]
[us.pycon.org/2018/site_media/media/sponsor_files/Twilio_logo_red.png.260x240_q85_2.png.300x300_q85.png]
[us.pycon.org/2018/site_media/media/sponsor_files/Clover_Logo_Green_RGB_Large.png.300x300_q85.png]
[us.pycon.org/2018/site_media/media/sponsor_files/C1_Core_NG_RGB_R_VZuQskh.png.300x300_q85.png]
[us.pycon.org/2018/site_media/media/sponsor_files/Square_Logotype_black_1.png.300x300_q85.png]
[us.pycon.org/2018/site_media/media/sponsor_files/linode-logo_diagonal_dark.png.300x300_q85.png]
[us.pycon.org/2018/site_media/media/sponsor_files/Booz_Allen_logo_black.png.300x300_q85.png]
[us.pycon.org/2018/site_media/media/sponsor_files/caktus-logo_260x180.png.300x300_q85.png]
[us.pycon.org/2018/site_media/media/sponsor_files/ibmpos_blurgb_1.jpg.300x300_q85.jpg]
[us.pycon.org/2018/site_media/media/sponsor_files/heroku-logotype-horizontal-purple_1.png.300x300_q85.png]
[us.pycon.org/2018/site_media/media/sponsor_files/bugsnag_logo_navy.png.300x300_q85.png]
[us.pycon.org/2018/site_media/media/sponsor_files/logo-activestate-no-tagline-2.png.300x300_q85.png]
[us.pycon.org/2018/site_media/media/sponsor_files/AFSI_AmTrust_Financial_Logo_300px.png.300x300_q85.png]
[us.pycon.org/2018/site_media/media/sponsor_files/guidebook_logo_light_yr5Cq7T.png.300x300_q85.png]
[us.pycon.org/2018/site_media/media/sponsor_files/sentry-horizontal-black_mskHHhL.png.300x300_q85.png]
[us.pycon.org/2018/site_media/media/sponsor_files/SaltStack_300x150.png.300x300_q85.png]
[us.pycon.org/2018/site_media/media/sponsor_files/nag_100c90m0y40k_one_line_left_1_73ddTTd.jpg.300x300_q85.jpg]
[us.pycon.org/2018/site_media/media/sponsor_files/anvil.png.300x300_q85.png]
[us.pycon.org/2018/site_media/media/sponsor_files/novetta_full_mark_blue_RGB.jpg.300x300_q85.jpg]
[us.pycon.org/2018/site_media/media/sponsor_files/logo_mfSPPC0.jpg.300x300_q85.jpg]
[us.pycon.org/2018/site_media/media/sponsor_files/peloton_logo_720x360.png.300x300_q85.jpg]
[us.pycon.org/2018/site_media/media/sponsor_files/DO_Logo_Vertical_Blue.png.300x300_q85.png]
[us.pycon.org/2018/site_media/media/sponsor_files/zapier-logo.png.300x300_q85.png]
[us.pycon.org/2018/site_media/media/sponsor_files/logo_Z4cC82H.png.300x300_q85.png]
[us.pycon.org/2018/site_media/media/sponsor_files/Facebook-06-2015-White-on-Blue.jpg.300x300_q85.jpg]
[us.pycon.org/2018/site_media/media/sponsor_files/Instagram_Logo_JPG.jpg.300x300_q85.jpg]
[us.pycon.org/2018/site_media/media/sponsor_files/Ansible-Wordmark-Large-RGB-Black_WszhttB.png.300x300_q85.png]
[us.pycon.org/2018/site_media/media/sponsor_files/Green_OU_Logo.png.300x300_q85.png]
[us.pycon.org/2018/site_media/media/sponsor_files/HRT_Logo_FINAL.png_1.png.300x300_q85.png]
[us.pycon.org/2018/site_media/media/sponsor_files/ccds-logo-stacked-mgh-bwh.jpg.300x300_q85.jpg]
[us.pycon.org/2018/site_media/media/sponsor_files/Digital_TwoSigma_Logo_RGB_transp_1000px_WPaHcjI.png.300x300_q85.png]
[us.pycon.org/2018/site_media/media/sponsor_files/logo_GEMvfJa.png.300x300_q85.png]
[us.pycon.org/2018/site_media/media/sponsor_files/doctor-on-demand-logo-large.png.300x300_q85.png]
[us.pycon.org/2018/site_media/media/sponsor_files/dd_logo_transparentbg-400x400_1.png.300x300_q85.png]
[us.pycon.org/2018/site_media/media/sponsor_files/braintree_OkykySi.png.300x300_q85.png]
[us.pycon.org/2018/site_media/media/sponsor_files/1200px-US-NationalGeospatialIntelligenceAgency-2008Seal.svg.png.300x300_q85.png]
[us.pycon.org/2018/site_media/media/sponsor_files/klaviyo-logotype-vert-color-500x500.png.300x300_q85.png]
[us.pycon.org/2018/site_media/media/sponsor_files/Auklet_Logo.png.300x300_q85.png]
[us.pycon.org/2018/site_media/media/sponsor_files/HIC_logo.jpg.300x300_q85.jpg]
[us.pycon.org/2018/site_media/media/sponsor_files/logo_platform_pycon.png.300x300_q85.png]
[us.pycon.org/2018/site_media/media/sponsor_files/shopify_logo_black.png.300x300_q85.png]
[us.pycon.org/2018/site_media/media/sponsor_files/Wings_on_White.png.300x300_q85.png]
[us.pycon.org/2018/site_media/media/sponsor_files/Indeed_Logo_RGB.jpg.300x300_q85.jpg]
[us.pycon.org/2018/site_media/media/sponsor_files/logo_color_1200dpi.png.300x300_q85.png]
[us.pycon.org/2018/site_media/media/sponsor_files/pya_logo_RbTqqqf.png.300x300_q85.png]
[us.pycon.org/2018/site_media/media/sponsor_files/a1534f5fa84ec0aae000e6d2508a8fe2.w1151.h409._CR531980290_FMpng__215EXQq.png.300x300_q85.png]
[us.pycon.org/2018/site_media/media/sponsor_files/ll_logo_landscape_color-filled_50V1hCZ.png.300x300_q85.png]
[us.pycon.org/2018/site_media/media/sponsor_files/fusionbox-200x60.png.300x300_q85.png]
[us.pycon.org/2018/site_media/media/sponsor_files/Artemis_Logo_400_color.jpg.300x300_q85.jpg]
[us.pycon.org/2018/site_media/media/sponsor_files/wayfair_logo.png.300x300_q85.png]
[us.pycon.org/2018/site_media/media/sponsor_files/pplogo.png.300x300_q85.png]
[us.pycon.org/2018/site_media/media/sponsor_files/black_600x600_kdPETlQ.png.300x300_q85.png]
[us.pycon.org/2018/site_media/media/sponsor_files/Slack_Mark_Web.png.300x300_q85.png]
[us.pycon.org/2018/site_media/media/sponsor_files/logo-activestate-no-tagline-2_FWKAdZu.png.300x300_q85.png]
[us.pycon.org/2018/site_media/media/sponsor_files/ibmpos_blurgb_1_XzMTNWE.jpg.300x300_q85.jpg]
[us.pycon.org/2018/site_media/media/sponsor_files/dd_logo_transparentbg-400x400_1_EU4b8r9.png.300x300_q85.png]
[us.pycon.org/2018/site_media/media/sponsor_files/C1_Core_NG_RGB_R_RkU7wTy.png.300x300_q85.png]
[us.pycon.org/2018/site_media/media/sponsor_files/heroku-logotype-horizontal-purple_mcPUbjn.png.300x300_q85.png]
[us.pycon.org/2018/site_media/media/sponsor_files/shopify_logo_black_yH5Vx4i.png.300x300_q85.png]
[us.pycon.org/2018/site_media/media/sponsor_files/Stripe_Logo_blue.png.300x300_q85.png]
[us.pycon.org/2018/site_media/media/sponsor_files/Twilio_logo_red.png.260x240_q85_tdPsEWF.png.300x300_q85.png]
[us.pycon.org/2018/site_media/media/sponsor_files/Netflix_Logo_RGB.png.300x300_q85.png]
[us.pycon.org/2018/site_media/media/sponsor_files/RA-Blue-RGB-TM.png.300x300_q85.png]
[us.pycon.org/2018/site_media/media/sponsor_files/Hosho-logo-black.png.300x300_q85.png]
[us.pycon.org/2018/site_media/media/sponsor_files/Artboard.png.300x300_q85.png]
[us.pycon.org/2018/site_media/media/sponsor_files/webucator.png.300x300_q85.png]
[us.pycon.org/2018/site_media/media/sponsor_files/JamBonSWLogoLong_55PnhRs.png.300x300_q85.png]
[us.pycon.org/2018/site_media/media/sponsor_files/side-by-side-logo.png.300x300_q85.png]
[us.pycon.org/2018/site_media/media/sponsor_files/FEF86D5A-ECF0-48C3-B0EE-E0A8D72661A2.jpeg.300x300_q85.jpg]
[us.pycon.org/2018/site_media/media/sponsor_files/Vertical_logotype_classic.png.300x300_q85.png]
[us.pycon.org/2018/site_media/media/sponsor_files/fabianware.png.300x300_q85.png]
[us.pycon.org/2018/site_media/media/sponsor_files/heroku-logotype-horizontal-purple_1_Vq0qxCK.png.300x300_q85.png]
[us.pycon.org/2018/site_media/media/sponsor_files/pya_logo_MWjJRai.png.300x300_q85.png]
[us.pycon.org/2018/site_media/media/sponsor_files/vk_logo_blue_2017.jpg.300x300_q85.jpg]
[us.pycon.org/2018/site_media/media/sponsor_files/PythonTek_full.png.300x300_q85.png]
[us.pycon.org/2018/site_media/media/sponsor_files/PGR_LOGO_c8fXWj2.png.300x300_q85.png]
[us.pycon.org/2018/site_media/media/sponsor_files/Screen_Shot_2018-05-08_at_11.52.33_AM.png.300x300_q85.jpg]
[us.pycon.org/2018/site_media/media/sponsor_files/PSF-Logo_nRGJKQo.png.300x300_q85.png]
[us.pycon.org/2018/site_media/media/sponsor_files/IndyPy.png.300x300_q85.png]
[us.pycon.org/2018/site_media/media/sponsor_files/logo-oca.png.300x300_q85.png]
[us.pycon.org/2018/site_media/media/sponsor_files/logo-bw.png.300x300_q85.png]
[us.pycon.org/2018/site_media/media/sponsor_files/yellowbrick_logo.png.300x300_q85.png]
[us.pycon.org/2018/site_media/media/sponsor_files/pycon_2018_sponsor_image.png.300x300_q85.jpg]
[us.pycon.org/2018/site_media/media/sponsor_files/BeeWare_Horizontal.png.300x300_q85.png]
[us.pycon.org/2018/site_media/media/sponsor_files/dbcli.png.300x300_q85.png]
[us.pycon.org/2018/site_media/media/sponsor_files/plone-logo-256_TpCfCiZ.png.300x300_q85.png]
[us.pycon.org/2018/site_media/media/sponsor_files/pyladies_wordmark_rainbow.png.300x300_q85.png]
[us.pycon.org/2018/site_media/media/sponsor_files/NumFocus_LRG.png.300x300_q85.png]
[us.pycon.org/2018/site_media/media/sponsor_files/logo_4DaMAZy.png.300x300_q85.png]
[us.pycon.org/2018/site_media/media/sponsor_files/puppy_logo_no_bg.png.300x300_q85.png]
[us.pycon.org/2018/site_media/media/sponsor_files/chipmunk_0hUrmC0.png.300x300_q85.png]
[us.pycon.org/2018/site_media/media/sponsor_files/PostgreSQL_logo.3colors_8KQ620A.png.300x300_q85.png]
[us.pycon.org/2018/site_media/media/sponsor_files/Apress_logo_colour.tif.300x300_q85.jpg]
[us.pycon.org/2018/site_media/media/sponsor_files/sticker-mule-inline-light_oYA8ISk.png.300x300_q85.png]
[us.pycon.org/2018/site_media/media/sponsor_files/python-weekly-logo_y6JTAxa.png.300x300_q85.png]
[us.pycon.org/2018/site_media/media/sponsor_files/256x256_kiHgQ4U.png.300x300_q85.png]
[us.pycon.org/2018/site_media/media/sponsor_files/NoStarch_logo_blpOWLD.jpg.300x300_q85.jpg]
[us.pycon.org/2018/site_media/media/sponsor_files/Clipboard01_HeQ5WKH.png.300x300_q85.jpg]
[us.pycon.org/2018/site_media/media/sponsor_files/opensource.com.png.300x300_q85.png]
[us.pycon.org/2018/site_media/media/sponsor_files/accelebrate_logo_147x64.jpg.300x300_q85.jpg]
[us.pycon.org/2018/site_media/static/img/psf-logo.e099cceabfa5.png]
[us.pycon.org/2018/site_media/static/img/fizz.4bf21f7d9cd9.png]
[us.pycon.org/2018/site_media/static/img/nikkilee.84a5c8979ca5.png]
[us.pycon.org/2018/index.html]
[us.pycon.org/2018/site_media/static/img/home-header-mobile.4d7ea5f6f8a9.png]
[us.pycon.org/2018/site_media/static/img/home-header-desktop.768c36014cec.png]
[us.pycon.org/2018/site_media/static/img/charlas.0852574ff0e3.png]
[us.pycon.org/2018/site_media/static/css/slight.a3c1b1430280.css]
[ajax.googleapis.com/ajax/libs/jqueryui/1.10.4/themes/smoothness/images/animated-overlay.gif]
[ajax.googleapis.com/ajax/libs/jqueryui/1.10.4/themes/smoothness/images/ui-bg_flat_75_ffffff_40x100.png]
[ajax.googleapis.com/ajax/libs/jqueryui/1.10.4/themes/smoothness/images/ui-bg_highlight-soft_75_cccccc_1x100.png]
[ajax.googleapis.com/ajax/libs/jqueryui/1.10.4/themes/smoothness/images/ui-bg_glass_75_e6e6e6_1x400.png]
[ajax.googleapis.com/ajax/libs/jqueryui/1.10.4/themes/smoothness/images/ui-bg_glass_75_dadada_1x400.png]
[ajax.googleapis.com/ajax/libs/jqueryui/1.10.4/themes/smoothness/images/ui-bg_glass_65_ffffff_1x400.png]
[ajax.googleapis.com/ajax/libs/jqueryui/1.10.4/themes/smoothness/images/ui-bg_glass_55_fbf9ee_1x400.png]
[ajax.googleapis.com/ajax/libs/jqueryui/1.10.4/themes/smoothness/images/ui-bg_glass_95_fef1ec_1x400.png]
[ajax.googleapis.com/ajax/libs/jqueryui/1.10.4/themes/smoothness/images/ui-icons_222222_256x240.png]
[ajax.googleapis.com/ajax/libs/jqueryui/1.10.4/themes/smoothness/images/ui-icons_888888_256x240.png]
[ajax.googleapis.com/ajax/libs/jqueryui/1.10.4/themes/smoothness/images/ui-icons_454545_256x240.png]
[ajax.googleapis.com/ajax/libs/jqueryui/1.10.4/themes/smoothness/images/ui-icons_2e83ff_256x240.png]
[ajax.googleapis.com/ajax/libs/jqueryui/1.10.4/themes/smoothness/images/ui-icons_cd0a0a_256x240.png]
[ajax.googleapis.com/ajax/libs/jqueryui/1.10.4/themes/smoothness/images/ui-bg_flat_0_aaaaaa_40x100.png]
[ajax.googleapis.com/ajax/libs/jqueryui/1.10.4/themes/smoothness/jquery-ui.css]
[us.pycon.org/2018/site_media/static/cache/css/411162ab63b1.css]
[us.pycon.org/2018/site_media/static/css/simple-grid.d1149de00d41.css]
[us.pycon.org/2018/about/index.html]
[us.pycon.org/2018/about/code-of-conduct/index.html]
[us.pycon.org/2018/about/diversity/index.html]
[us.pycon.org/2018/about/staff/index.html]
[us.pycon.org/2018/sitemap/index.html]
[us.pycon.org/2018/psf/index.html]
[us.pycon.org/2018/keynote-speakers/index.html]
[us.pycon.org/2018/schedule/tutorials/index.html]
[us.pycon.org/2018/schedule/sponsor-tutorials/index.html]
[us.pycon.org/2018/schedule/edusummits/index.html]
[us.pycon.org/2018/schedule/talks/index.html]
[use.fontawesome.com/releases/v5.0.8/js/all.js]
[us.pycon.org/2018/schedule/posters/list/index.html]
[us.pycon.org/2018/schedule/talks/list/index.html]
[us.pycon.org/2018/schedule/sponsor-tutorials/list/index.html]
[us.pycon.org/2018/schedule/tutorials/list/index.html]
[us.pycon.org/2018/schedule/edusummits/list/index.html]
[us.pycon.org/2018/events/opening-reception/index.html]
[us.pycon.org/2018/events/dinners/index.html]
[us.pycon.org/2018/events/edusummit/index.html]
[us.pycon.org/2018/events/startup_row/index.html]
[us.pycon.org/2018/site_media/media/sponsor_files/jpm_chase_logo_final.gif.260x240_q85_IHQrHXC.png.150x80_q85.png]
[us.pycon.org/2018/site_media/media/sponsor_files/Anaconda_horizontal_RGB_wRzyutP.png.150x80_q85.png]
[us.pycon.org/2018/site_media/media/sponsor_files/logoBBGblck_Reg.png.150x80_q85.png]
[us.pycon.org/2018/site_media/media/sponsor_files/Logo_6.png.150x80_q85.png]
[us.pycon.org/2018/site_media/media/sponsor_files/Okta_Logo_BrightBlue_Large_lWrMlaB.png.150x80_q85.png]
[us.pycon.org/2018/site_media/media/sponsor_files/squarespace-logo-horizontal-black.jpg.150x80_q85.jpg]
[us.pycon.org/2018/site_media/media/sponsor_files/Nylas_Seafoam_Logo.png.150x80_q85.png]
[us.pycon.org/2018/site_media/media/sponsor_files/Elastic_logo.png.150x80_q85.png]
[us.pycon.org/2018/site_media/media/sponsor_files/Patreon_wordmark_navy.png.150x80_q85.png]
[us.pycon.org/2018/site_media/media/sponsor_files/Clover_Logo_Green_RGB_Large.png.150x80_q85.png]
[us.pycon.org/2018/site_media/media/sponsor_files/doctor-on-demand-logo-large.png.150x80_q85.png]
[us.pycon.org/2018/site_media/media/sponsor_files/logo_platform_pycon.png.150x80_q85.png]
[us.pycon.org/2018/site_media/media/sponsor_files/shopify_logo_black.png.150x80_q85.png]
[us.pycon.org/2018/site_media/media/sponsor_files/Artemis_Logo_400_color.jpg.150x80_q85.jpg]
[us.pycon.org/2018/site_media/media/sponsor_files/wayfair_logo.png.150x80_q85.png]
[us.pycon.org/2018/site_media/media/sponsor_files/pplogo.png.150x80_q85.png]
[us.pycon.org/2018/site_media/media/sponsor_files/Stripe_Logo_blue.png.150x80_q85.png]
[us.pycon.org/2018/site_media/media/sponsor_files/Netflix_Logo_RGB.png.150x80_q85.png]
[us.pycon.org/2018/sponsors/jobs/index.html]
[us.pycon.org/2018/events/open-spaces/index.html]
[us.pycon.org/2018/5k/index.html]
[us.pycon.org/2018/events/auction/index.html]
[us.pycon.org/2018/community/sprints/index.html]
[us.pycon.org/2018/events/language-summit/index.html]
[us.pycon.org/2018/events/letslearnpython/index.html]
[us.pycon.org/2018/events/pyladieslunch/index.html]
[us.pycon.org/2018/hatchery/charlas/index.html]
[us.pycon.org/2018/events/lightning/talks/index.html]
[us.pycon.org/2018/events/speed_networking/index.html]
[us.pycon.org/2018/events/newcomer_orientation/index.html]
[us.pycon.org/2018/site_media/media/sponsor_files/microsoft-logo.png.260x240_q85.jpg]
[us.pycon.org/2018/site_media/media/sponsor_files/googlelogo_color_836x272dp.png.260x240_q85.png]
[us.pycon.org/2018/site_media/media/sponsor_files/aws_logo_smile_1200x630.png.260x240_q85.png]
[us.pycon.org/2018/site_media/media/sponsor_files/jpm_chase_logo_final.gif.260x240_q85_IHQrHXC.png.260x240_q85.png]
[us.pycon.org/2018/site_media/media/sponsor_files/Anaconda_horizontal_RGB_wRzyutP.png.260x240_q85.png]
[us.pycon.org/2018/site_media/media/sponsor_files/Pycon_HouseCanary_Logo_screen_2.png.260x240_q85.png]
[us.pycon.org/2018/site_media/media/sponsor_files/Logo-2C-66px-TM_J0uXAzJ.png.260x240_q85.png]
[us.pycon.org/2018/site_media/media/sponsor_files/logoBBGblck_Reg.png.260x240_q85.png]
[us.pycon.org/2018/site_media/media/sponsor_files/Logo_6.png.260x240_q85.png]
[us.pycon.org/2018/site_media/media/sponsor_files/Yelp_RGB_outline.png.260x240_q85.png]
[us.pycon.org/2018/site_media/media/sponsor_files/Okta_Logo_BrightBlue_Large_lWrMlaB.png.260x240_q85.png]
[us.pycon.org/2018/site_media/media/sponsor_files/American-Greetings-48.png.260x240_q85.png]
[us.pycon.org/2018/site_media/media/sponsor_files/Logo_JhtVjm1.png.260x240_q85.jpg]
[us.pycon.org/2018/site_media/media/sponsor_files/citus-logo.png.260x240_q85.png]
[us.pycon.org/2018/site_media/media/sponsor_files/squarespace-logo-horizontal-black.jpg.260x240_q85.jpg]
[us.pycon.org/2018/site_media/media/sponsor_files/new-square-550x550.png.260x240_q85.jpg]
[us.pycon.org/2018/site_media/media/sponsor_files/Nylas_Seafoam_Logo.png.260x240_q85.png]
[us.pycon.org/2018/site_media/media/sponsor_files/Elastic_logo.png.260x240_q85.png]
[us.pycon.org/2018/site_media/media/sponsor_files/sixfeetup-logo-1.png.260x240_q85.png]
[us.pycon.org/2018/site_media/media/sponsor_files/DataCamp_Horizontal_RGB-615b3d585d047d896bb571858d527d501a883e93b402818e96_L1JFFx7.png.260x240_q85.png]
[us.pycon.org/2018/site_media/media/sponsor_files/AQR_Cyan_rgb_hires_0VHQObH.jpg.260x240_q85.jpg]
[us.pycon.org/2018/site_media/media/sponsor_files/Patreon_wordmark_navy.png.260x240_q85.png]
[us.pycon.org/2018/site_media/media/sponsor_files/20160527_Stan_icon_4v_black.png.260x240_q85.png]
[us.pycon.org/2018/site_media/media/sponsor_files/logo_5.png.260x240_q85.png]
[us.pycon.org/2018/site_media/media/sponsor_files/Nexmo_VonageAPI_vert.jpg.260x240_q85.jpg]
[us.pycon.org/2018/site_media/media/sponsor_files/Twilio_logo_red.png.260x240_q85_2.png.260x240_q85.png]
[us.pycon.org/2018/site_media/media/sponsor_files/Clover_Logo_Green_RGB_Large.png.260x240_q85.png]
[us.pycon.org/2018/site_media/media/sponsor_files/C1_Core_NG_RGB_R_VZuQskh.png.260x240_q85.png]
[us.pycon.org/2018/site_media/media/sponsor_files/Square_Logotype_black_1.png.260x240_q85.png]
[us.pycon.org/2018/site_media/media/sponsor_files/linode-logo_diagonal_dark.png.260x240_q85.png]
[us.pycon.org/2018/site_media/media/sponsor_files/Booz_Allen_logo_black.png.260x240_q85.png]
[us.pycon.org/2018/site_media/media/sponsor_files/caktus-logo_260x180.png.260x240_q85.png]
[us.pycon.org/2018/site_media/media/sponsor_files/ibmpos_blurgb_1.jpg.260x240_q85.jpg]
[us.pycon.org/2018/site_media/media/sponsor_files/heroku-logotype-horizontal-purple_1.png.260x240_q85.png]
[us.pycon.org/2018/site_media/media/sponsor_files/bugsnag_logo_navy.png.260x240_q85.png]
[us.pycon.org/2018/site_media/media/sponsor_files/logo-activestate-no-tagline-2.png.260x240_q85.png]
[us.pycon.org/2018/site_media/media/sponsor_files/AFSI_AmTrust_Financial_Logo_300px.png.260x240_q85.png]
[us.pycon.org/2018/site_media/media/sponsor_files/guidebook_logo_light_yr5Cq7T.png.260x240_q85.png]
[us.pycon.org/2018/site_media/media/sponsor_files/sentry-horizontal-black_mskHHhL.png.260x240_q85.png]
[us.pycon.org/2018/site_media/media/sponsor_files/SaltStack_300x150.png.260x240_q85.png]
[us.pycon.org/2018/site_media/media/sponsor_files/nag_100c90m0y40k_one_line_left_1_73ddTTd.jpg.260x240_q85.jpg]
[us.pycon.org/2018/site_media/media/sponsor_files/anvil.png.260x240_q85.png]
[us.pycon.org/2018/site_media/media/sponsor_files/novetta_full_mark_blue_RGB.jpg.260x240_q85.jpg]
[us.pycon.org/2018/site_media/media/sponsor_files/logo_mfSPPC0.jpg.260x240_q85.jpg]
[us.pycon.org/2018/site_media/media/sponsor_files/peloton_logo_720x360.png.260x240_q85.jpg]
[us.pycon.org/2018/site_media/media/sponsor_files/DO_Logo_Vertical_Blue.png.260x240_q85.png]
[us.pycon.org/2018/site_media/media/sponsor_files/zapier-logo.png.260x240_q85.png]
[us.pycon.org/2018/site_media/media/sponsor_files/logo_Z4cC82H.png.260x240_q85.png]
[us.pycon.org/2018/site_media/media/sponsor_files/Facebook-06-2015-White-on-Blue.jpg.260x240_q85.jpg]
[us.pycon.org/2018/site_media/media/sponsor_files/Instagram_Logo_JPG.jpg.260x240_q85.jpg]
[us.pycon.org/2018/site_media/media/sponsor_files/Ansible-Wordmark-Large-RGB-Black_WszhttB.png.260x240_q85.png]
[us.pycon.org/2018/site_media/media/sponsor_files/Green_OU_Logo.png.260x240_q85.png]
[us.pycon.org/2018/site_media/media/sponsor_files/HRT_Logo_FINAL.png_1.png.260x240_q85.png]
[us.pycon.org/2018/site_media/media/sponsor_files/ccds-logo-stacked-mgh-bwh.jpg.260x240_q85.jpg]
[us.pycon.org/2018/site_media/media/sponsor_files/Digital_TwoSigma_Logo_RGB_transp_1000px_WPaHcjI.png.260x240_q85.png]
[us.pycon.org/2018/site_media/media/sponsor_files/logo_GEMvfJa.png.260x240_q85.png]
[us.pycon.org/2018/site_media/media/sponsor_files/doctor-on-demand-logo-large.png.260x240_q85.png]
[us.pycon.org/2018/site_media/media/sponsor_files/dd_logo_transparentbg-400x400_1.png.260x240_q85.png]
[us.pycon.org/2018/site_media/media/sponsor_files/braintree_OkykySi.png.260x240_q85.png]
[us.pycon.org/2018/site_media/media/sponsor_files/1200px-US-NationalGeospatialIntelligenceAgency-2008Seal.svg.png.260x240_q85.png]
[us.pycon.org/2018/site_media/media/sponsor_files/klaviyo-logotype-vert-color-500x500.png.260x240_q85.png]
[us.pycon.org/2018/site_media/media/sponsor_files/Auklet_Logo.png.260x240_q85.png]
[us.pycon.org/2018/site_media/media/sponsor_files/HIC_logo.jpg.260x240_q85.jpg]
[us.pycon.org/2018/site_media/media/sponsor_files/logo_platform_pycon.png.260x240_q85.png]
[us.pycon.org/2018/site_media/media/sponsor_files/shopify_logo_black.png.260x240_q85.png]
[us.pycon.org/2018/site_media/media/sponsor_files/Wings_on_White.png.260x240_q85.png]
[us.pycon.org/2018/site_media/media/sponsor_files/Indeed_Logo_RGB.jpg.260x240_q85.jpg]
[us.pycon.org/2018/site_media/media/sponsor_files/logo_color_1200dpi.png.260x240_q85.png]
[us.pycon.org/2018/site_media/media/sponsor_files/pya_logo_RbTqqqf.png.260x240_q85.png]
[us.pycon.org/2018/site_media/media/sponsor_files/a1534f5fa84ec0aae000e6d2508a8fe2.w1151.h409._CR531980290_FMpng__215EXQq.png.260x240_q85.png]
[us.pycon.org/2018/site_media/media/sponsor_files/ll_logo_landscape_color-filled_50V1hCZ.png.260x240_q85.png]
[us.pycon.org/2018/site_media/media/sponsor_files/fusionbox-200x60.png.260x240_q85.png]
[us.pycon.org/2018/site_media/media/sponsor_files/Artemis_Logo_400_color.jpg.260x240_q85.jpg]
[us.pycon.org/2018/site_media/media/sponsor_files/wayfair_logo.png.260x240_q85.png]
[us.pycon.org/2018/site_media/media/sponsor_files/pplogo.png.260x240_q85.png]
[us.pycon.org/2018/site_media/media/sponsor_files/black_600x600_kdPETlQ.png.260x240_q85.png]
[us.pycon.org/2018/site_media/media/sponsor_files/Slack_Mark_Web.png.260x240_q85.png]
[us.pycon.org/2018/site_media/media/sponsor_files/logo-activestate-no-tagline-2_FWKAdZu.png.260x240_q85.png]
[us.pycon.org/2018/site_media/media/sponsor_files/ibmpos_blurgb_1_XzMTNWE.jpg.260x240_q85.jpg]
[us.pycon.org/2018/site_media/media/sponsor_files/dd_logo_transparentbg-400x400_1_EU4b8r9.png.260x240_q85.png]
[us.pycon.org/2018/site_media/media/sponsor_files/C1_Core_NG_RGB_R_RkU7wTy.png.260x240_q85.png]
[us.pycon.org/2018/site_media/media/sponsor_files/heroku-logotype-horizontal-purple_mcPUbjn.png.260x240_q85.png]
[us.pycon.org/2018/site_media/media/sponsor_files/shopify_logo_black_yH5Vx4i.png.260x240_q85.png]
[us.pycon.org/2018/site_media/media/sponsor_files/Stripe_Logo_blue.png.260x240_q85.png]
[us.pycon.org/2018/site_media/media/sponsor_files/Twilio_logo_red.png.260x240_q85_tdPsEWF.png.260x240_q85.png]
[us.pycon.org/2018/site_media/media/sponsor_files/Netflix_Logo_RGB.png.260x240_q85.png]
[us.pycon.org/2018/site_media/media/sponsor_files/RA-Blue-RGB-TM.png.260x240_q85.png]
[us.pycon.org/2018/site_media/media/sponsor_files/Hosho-logo-black.png.260x240_q85.png]
[us.pycon.org/2018/site_media/media/sponsor_files/Artboard.png.260x240_q85.png]
[us.pycon.org/2018/site_media/media/sponsor_files/webucator.png.260x240_q85.png]
[us.pycon.org/2018/site_media/media/sponsor_files/JamBonSWLogoLong_55PnhRs.png.260x240_q85.png]
[us.pycon.org/2018/site_media/media/sponsor_files/side-by-side-logo.png.260x240_q85.png]
[us.pycon.org/2018/site_media/media/sponsor_files/FEF86D5A-ECF0-48C3-B0EE-E0A8D72661A2.jpeg.260x240_q85.jpg]
[us.pycon.org/2018/site_media/media/sponsor_files/Vertical_logotype_classic.png.260x240_q85.png]
[us.pycon.org/2018/site_media/media/sponsor_files/fabianware.png.260x240_q85.png]
[us.pycon.org/2018/site_media/media/sponsor_files/heroku-logotype-horizontal-purple_1_Vq0qxCK.png.260x240_q85.png]
[us.pycon.org/2018/site_media/media/sponsor_files/pya_logo_MWjJRai.png.260x240_q85.png]
[us.pycon.org/2018/site_media/media/sponsor_files/vk_logo_blue_2017.jpg.260x240_q85.jpg]
[us.pycon.org/2018/site_media/media/sponsor_files/PythonTek_full.png.260x240_q85.png]
[us.pycon.org/2018/site_media/media/sponsor_files/PGR_LOGO_c8fXWj2.png.260x240_q85.png]
[us.pycon.org/2018/site_media/media/sponsor_files/Screen_Shot_2018-05-08_at_11.52.33_AM.png.260x240_q85.jpg]
[us.pycon.org/2018/site_media/media/sponsor_files/PSF-Logo_nRGJKQo.png.260x240_q85.png]
[us.pycon.org/2018/site_media/media/sponsor_files/IndyPy.png.260x240_q85.png]
[us.pycon.org/2018/site_media/media/sponsor_files/logo-oca.png.260x240_q85.png]
[us.pycon.org/2018/site_media/media/sponsor_files/logo-bw.png.260x240_q85.png]
[us.pycon.org/2018/site_media/media/sponsor_files/yellowbrick_logo.png.260x240_q85.png]
[us.pycon.org/2018/site_media/media/sponsor_files/pycon_2018_sponsor_image.png.260x240_q85.jpg]
[us.pycon.org/2018/site_media/media/sponsor_files/BeeWare_Horizontal.png.260x240_q85.png]
[us.pycon.org/2018/site_media/media/sponsor_files/dbcli.png.260x240_q85.png]
[us.pycon.org/2018/site_media/media/sponsor_files/plone-logo-256_TpCfCiZ.png.260x240_q85.png]
[us.pycon.org/2018/site_media/media/sponsor_files/pyladies_wordmark_rainbow.png.260x240_q85.png]
[us.pycon.org/2018/site_media/media/sponsor_files/NumFocus_LRG.png.260x240_q85.png]
[us.pycon.org/2018/site_media/media/sponsor_files/logo_4DaMAZy.png.260x240_q85.png]
[us.pycon.org/2018/site_media/media/sponsor_files/puppy_logo_no_bg.png.260x240_q85.png]
[us.pycon.org/2018/site_media/media/sponsor_files/chipmunk_0hUrmC0.png.260x240_q85.png]
[us.pycon.org/2018/site_media/media/sponsor_files/PostgreSQL_logo.3colors_8KQ620A.png.260x240_q85.png]
[us.pycon.org/2018/site_media/media/sponsor_files/Apress_logo_colour.tif.260x240_q85.jpg]
[us.pycon.org/2018/site_media/media/sponsor_files/sticker-mule-inline-light_oYA8ISk.png.260x240_q85.png]
[us.pycon.org/2018/site_media/media/sponsor_files/python-weekly-logo_y6JTAxa.png.260x240_q85.png]
[us.pycon.org/2018/site_media/media/sponsor_files/256x256_kiHgQ4U.png.260x240_q85.png]
[us.pycon.org/2018/site_media/media/sponsor_files/NoStarch_logo_blpOWLD.jpg.260x240_q85.jpg]
[us.pycon.org/2018/site_media/media/sponsor_files/Clipboard01_HeQ5WKH.png.260x240_q85.jpg]
[us.pycon.org/2018/site_media/media/sponsor_files/opensource.com.png.260x240_q85.png]
[us.pycon.org/2018/site_media/media/sponsor_files/accelebrate_logo_147x64.jpg.260x240_q85.jpg]
[us.pycon.org/2018/sponsors/index.html]
[us.pycon.org/2018/sponsors/why-sponsor/index.html]
[us.pycon.org/2018/sponsors/prospectus/index.html]
[us.pycon.org/2018/sponsors/apply/index.html]
[us.pycon.org/2018/sponsors/fees/index.html]
[us.pycon.org/2018/sponsors/exhibit-hall/index.html]
[us.pycon.org/2018/sponsors/faq/index.html]
[us.pycon.org/2018/sponsors/information/index.html]
[us.pycon.org/2018/venue/travel/index.html]
[us.pycon.org/2018/venue/index.html]
[us.pycon.org/2018/venue/weather/index.html]
[us.pycon.org/2018/venue/accessibility/index.html]
[us.pycon.org/2018/childcare/index.html]
[us.pycon.org/2018/venue/recommendations/index.html]
[us.pycon.org/2018/venue/cle_events/index.html]
[us.pycon.org/2018/onsite/index.html]
[us.pycon.org/2018/venue/transit/index.html]
[us.pycon.org/2018/registration/index.html]
[us.pycon.org/2018/registration/register/index.html]
[us.pycon.org/2018/financial-assistance/index.html]
[us.pycon.org/2018/community/roomsharing/index.html]
[us.pycon.org/2018/about/volunteers/index.html]
[us.pycon.org/2018/site_media/static/img/home-cloud-1.15a253dc78d4.svg]
[us.pycon.org/2018/site_media/static/img/home-cloud-2.d9ddb970e6b0.svg]
[us.pycon.org/2018/site_media/static/css/images/wmd-buttons.87293d2788d74708.html]
[us.pycon.org/2018/site_media/static/css/images/wmd-buttons-dark.4cf740b730e54708.html]
[us.pycon.org/2018/schedule/index.html]
[us.pycon.org/2018/events/index.html]
[us.pycon.org/2018/financial-assistance/faq/index.html]
[us.pycon.org/2018/schedule/presentation/64/index.html]
[us.pycon.org/2018/schedule/presentation/60/index.html]
[us.pycon.org/2018/schedule/presentation/48/index.html]
[us.pycon.org/2018/schedule/presentation/57/index.html]
[us.pycon.org/2018/schedule/presentation/50/index.html]
[us.pycon.org/2018/schedule/presentation/37/index.html]
[us.pycon.org/2018/schedule/presentation/53/index.html]
[us.pycon.org/2018/schedule/presentation/40/index.html]
[us.pycon.org/2018/schedule/presentation/63/index.html]
[us.pycon.org/2018/schedule/presentation/39/index.html]
[us.pycon.org/2018/schedule/presentation/58/index.html]
[us.pycon.org/2018/schedule/presentation/52/index.html]
[us.pycon.org/2018/schedule/presentation/45/index.html]
[us.pycon.org/2018/schedule/presentation/47/index.html]
[us.pycon.org/2018/schedule/presentation/54/index.html]
[us.pycon.org/2018/schedule/presentation/61/index.html]
[us.pycon.org/2018/schedule/presentation/46/index.html]
[us.pycon.org/2018/schedule/presentation/51/index.html]
[us.pycon.org/2018/schedule/presentation/56/index.html]
[us.pycon.org/2018/schedule/presentation/41/index.html]
[us.pycon.org/2018/schedule/presentation/55/index.html]
[us.pycon.org/2018/schedule/presentation/43/index.html]
[us.pycon.org/2018/schedule/presentation/65/index.html]
[us.pycon.org/2018/schedule/presentation/67/index.html]
[us.pycon.org/2018/schedule/presentation/62/index.html]
[us.pycon.org/2018/schedule/presentation/38/index.html]
[us.pycon.org/2018/schedule/presentation/49/index.html]
[us.pycon.org/2018/schedule/presentation/59/index.html]
[us.pycon.org/2018/schedule/presentation/42/index.html]
[us.pycon.org/2018/schedule/presentation/44/index.html]
[us.pycon.org/2018/schedule/presentation/66/index.html]
[us.pycon.org/2018/schedule/presentation/68/index.html]
[us.pycon.org/2018/schedule/presentation/168/index.html]
[us.pycon.org/2018/schedule/presentation/232/index.html]
[us.pycon.org/2018/schedule/presentation/173/index.html]
[us.pycon.org/2018/schedule/presentation/169/index.html]
[us.pycon.org/2018/schedule/presentation/170/index.html]
[us.pycon.org/2018/schedule/presentation/174/index.html]
[us.pycon.org/2018/schedule/presentation/167/index.html]
[us.pycon.org/2018/schedule/presentation/171/index.html]
[us.pycon.org/2018/schedule/presentation/233/index.html]
[us.pycon.org/2018/schedule/presentation/231/index.html]
[us.pycon.org/2018/schedule/presentation/172/index.html]
[us.pycon.org/2018/schedule/presentation/222/index.html]
[us.pycon.org/2018/schedule/presentation/218/index.html]
[us.pycon.org/2018/schedule/presentation/209/index.html]
[us.pycon.org/2018/schedule/presentation/216/index.html]
[us.pycon.org/2018/schedule/presentation/215/index.html]
[us.pycon.org/2018/schedule/presentation/212/index.html]
[us.pycon.org/2018/schedule/presentation/211/index.html]
[us.pycon.org/2018/schedule/presentation/213/index.html]
[us.pycon.org/2018/schedule/presentation/210/index.html]
[us.pycon.org/2018/schedule/presentation/217/index.html]
[us.pycon.org/2018/schedule/presentation/214/index.html]
[us.pycon.org/2018/schedule/presentation/221/index.html]
[us.pycon.org/2018/schedule/presentation/219/index.html]
[us.pycon.org/2018/schedule/presentation/220/index.html]
[us.pycon.org/2018/schedule/presentation/165/index.html]
[us.pycon.org/2018/schedule/presentation/149/index.html]
[us.pycon.org/2018/schedule/presentation/141/index.html]
[us.pycon.org/2018/schedule/presentation/103/index.html]
[us.pycon.org/2018/schedule/presentation/135/index.html]
[us.pycon.org/2018/schedule/presentation/234/index.html]
[us.pycon.org/2018/schedule/presentation/112/index.html]
[us.pycon.org/2018/schedule/presentation/71/index.html]
[us.pycon.org/2018/schedule/presentation/113/index.html]
[us.pycon.org/2018/schedule/presentation/105/index.html]
[us.pycon.org/2018/schedule/presentation/153/index.html]
[us.pycon.org/2018/schedule/presentation/241/index.html]
[us.pycon.org/2018/schedule/presentation/126/index.html]
[us.pycon.org/2018/schedule/presentation/87/index.html]
[us.pycon.org/2018/schedule/presentation/150/index.html]
[us.pycon.org/2018/schedule/presentation/88/index.html]
[us.pycon.org/2018/schedule/presentation/130/index.html]
[us.pycon.org/2018/schedule/presentation/235/index.html]
[us.pycon.org/2018/schedule/presentation/76/index.html]
[us.pycon.org/2018/schedule/presentation/142/index.html]
[us.pycon.org/2018/schedule/presentation/115/index.html]
[us.pycon.org/2018/schedule/presentation/77/index.html]
[us.pycon.org/2018/schedule/presentation/99/index.html]
[us.pycon.org/2018/schedule/presentation/236/index.html]
[us.pycon.org/2018/schedule/presentation/151/index.html]
[us.pycon.org/2018/schedule/presentation/81/index.html]
[us.pycon.org/2018/schedule/presentation/145/index.html]
[us.pycon.org/2018/schedule/presentation/119/index.html]
[us.pycon.org/2018/schedule/presentation/137/index.html]
[us.pycon.org/2018/schedule/presentation/240/index.html]
[us.pycon.org/2018/schedule/presentation/92/index.html]
[us.pycon.org/2018/schedule/presentation/97/index.html]
[us.pycon.org/2018/schedule/presentation/107/index.html]
[us.pycon.org/2018/schedule/presentation/84/index.html]
[us.pycon.org/2018/schedule/presentation/147/index.html]
[us.pycon.org/2018/schedule/presentation/237/index.html]
[us.pycon.org/2018/schedule/presentation/154/index.html]
[us.pycon.org/2018/schedule/presentation/129/index.html]
[us.pycon.org/2018/schedule/presentation/163/index.html]
[us.pycon.org/2018/schedule/presentation/132/index.html]
[us.pycon.org/2018/schedule/presentation/161/index.html]
[us.pycon.org/2018/schedule/presentation/238/index.html]
[us.pycon.org/2018/schedule/presentation/156/index.html]
[us.pycon.org/2018/schedule/presentation/91/index.html]
[us.pycon.org/2018/schedule/presentation/152/index.html]
[us.pycon.org/2018/schedule/presentation/75/index.html]
[us.pycon.org/2018/schedule/presentation/164/index.html]
[us.pycon.org/2018/schedule/presentation/239/index.html]
[us.pycon.org/2018/schedule/presentation/128/index.html]
[us.pycon.org/2018/schedule/presentation/131/index.html]
[us.pycon.org/2018/schedule/presentation/134/index.html]
[us.pycon.org/2018/schedule/presentation/121/index.html]
[us.pycon.org/2018/schedule/presentation/83/index.html]
[us.pycon.org/2018/schedule/presentation/98/index.html]
[us.pycon.org/2018/schedule/presentation/158/index.html]
[us.pycon.org/2018/schedule/presentation/133/index.html]
[us.pycon.org/2018/schedule/presentation/95/index.html]
[us.pycon.org/2018/schedule/presentation/148/index.html]
[us.pycon.org/2018/schedule/presentation/143/index.html]
[us.pycon.org/2018/schedule/presentation/242/index.html]
[us.pycon.org/2018/schedule/presentation/144/index.html]
[us.pycon.org/2018/schedule/presentation/146/index.html]
[us.pycon.org/2018/schedule/presentation/157/index.html]
[us.pycon.org/2018/schedule/presentation/124/index.html]
[us.pycon.org/2018/schedule/presentation/122/index.html]
[us.pycon.org/2018/schedule/presentation/125/index.html]
[us.pycon.org/2018/schedule/presentation/110/index.html]
[us.pycon.org/2018/schedule/presentation/123/index.html]
[us.pycon.org/2018/schedule/presentation/116/index.html]
[us.pycon.org/2018/schedule/presentation/160/index.html]
[us.pycon.org/2018/schedule/presentation/80/index.html]
[us.pycon.org/2018/schedule/presentation/243/index.html]
[us.pycon.org/2018/schedule/presentation/100/index.html]
[us.pycon.org/2018/schedule/presentation/94/index.html]
[us.pycon.org/2018/schedule/presentation/90/index.html]
[us.pycon.org/2018/schedule/presentation/86/index.html]
[us.pycon.org/2018/schedule/presentation/111/index.html]
[us.pycon.org/2018/schedule/presentation/85/index.html]
[us.pycon.org/2018/schedule/presentation/70/index.html]
[us.pycon.org/2018/schedule/presentation/101/index.html]
[us.pycon.org/2018/schedule/presentation/120/index.html]
[us.pycon.org/2018/schedule/presentation/117/index.html]
[us.pycon.org/2018/schedule/presentation/136/index.html]
[us.pycon.org/2018/schedule/presentation/162/index.html]
[us.pycon.org/2018/schedule/presentation/108/index.html]
[us.pycon.org/2018/schedule/presentation/127/index.html]
[us.pycon.org/2018/schedule/presentation/106/index.html]
[us.pycon.org/2018/schedule/presentation/89/index.html]
[us.pycon.org/2018/schedule/presentation/109/index.html]
[us.pycon.org/2018/schedule/presentation/72/index.html]
[us.pycon.org/2018/schedule/presentation/140/index.html]
[us.pycon.org/2018/schedule/presentation/102/index.html]
[us.pycon.org/2018/schedule/presentation/104/index.html]
[us.pycon.org/2018/schedule/presentation/74/index.html]
[us.pycon.org/2018/schedule/presentation/78/index.html]
[us.pycon.org/2018/schedule/presentation/93/index.html]
[us.pycon.org/2018/schedule/presentation/82/index.html]
[us.pycon.org/2018/schedule/presentation/96/index.html]
[us.pycon.org/2018/schedule/presentation/139/index.html]
[us.pycon.org/2018/schedule/presentation/159/index.html]
[us.pycon.org/2018/schedule/presentation/118/index.html]
[us.pycon.org/2018/schedule/presentation/79/index.html]
[us.pycon.org/2018/schedule/presentation/69/index.html]
[us.pycon.org/2018/schedule/presentation/192/index.html]
[us.pycon.org/2018/schedule/presentation/184/index.html]
[us.pycon.org/2018/schedule/presentation/198/index.html]
[us.pycon.org/2018/schedule/presentation/196/index.html]
[us.pycon.org/2018/schedule/presentation/191/index.html]
[us.pycon.org/2018/schedule/presentation/193/index.html]
[us.pycon.org/2018/schedule/presentation/175/index.html]
[us.pycon.org/2018/schedule/presentation/181/index.html]
[us.pycon.org/2018/schedule/presentation/183/index.html]
[us.pycon.org/2018/schedule/presentation/179/index.html]
[us.pycon.org/2018/schedule/presentation/182/index.html]
[us.pycon.org/2018/schedule/presentation/189/index.html]
[us.pycon.org/2018/schedule/presentation/207/index.html]
[us.pycon.org/2018/schedule/presentation/190/index.html]
[us.pycon.org/2018/schedule/presentation/205/index.html]
[us.pycon.org/2018/schedule/presentation/178/index.html]
[us.pycon.org/2018/schedule/presentation/208/index.html]
[us.pycon.org/2018/schedule/presentation/195/index.html]
[us.pycon.org/2018/schedule/presentation/194/index.html]
[us.pycon.org/2018/schedule/presentation/188/index.html]
[us.pycon.org/2018/schedule/presentation/185/index.html]
[us.pycon.org/2018/schedule/presentation/199/index.html]
[us.pycon.org/2018/schedule/presentation/202/index.html]
[us.pycon.org/2018/schedule/presentation/201/index.html]
[us.pycon.org/2018/schedule/presentation/187/index.html]
[us.pycon.org/2018/schedule/presentation/186/index.html]
[us.pycon.org/2018/schedule/presentation/180/index.html]
[us.pycon.org/2018/schedule/presentation/204/index.html]
[us.pycon.org/2018/schedule/presentation/206/index.html]
[us.pycon.org/2018/schedule/presentation/203/index.html]
[us.pycon.org/2018/schedule/presentation/177/index.html]
[us.pycon.org/2018/schedule/presentation/197/index.html]
[us.pycon.org/2018/site_media/media/sponsor_files/microsoft-logo.png.150x80_q85.html]
[us.pycon.org/2018/account/login/index76d9.html]
[us.pycon.org/2018/site_media/static/cache/js/c98914067da7.js]
[us.pycon.org/2018/site_media/media/speaker_photos/9847c140-5ba9-4308-aa8e-f8db3044e08c.jpg.128x128_q85.jpg]
[us.pycon.org/2018/speaker/profile/245/index.html]
[us.pycon.org/2018/site_media/media/speaker_photos/9356e6a4-017a-415b-8035-e1d0cf37c125.jpg.128x128_q85.jpg]
[us.pycon.org/2018/speaker/profile/312/index.html]
[us.pycon.org/2018/site_media/media/speaker_photos/dd09f150-90ef-4e9b-bab5-0f6d059f28f4.jpg.128x128_q85.jpg]
[us.pycon.org/2018/speaker/profile/129/index.html]
[us.pycon.org/2018/speaker/profile/335/index.html]
[us.pycon.org/2018/speaker/profile/336/index.html]
[us.pycon.org/2018/speaker/profile/337/index.html]
[us.pycon.org/2018/site_media/media/speaker_photos/a86ed011-d759-476b-96c1-13291d74e9f7.jpg.128x128_q85.jpg]
[us.pycon.org/2018/speaker/profile/250/index.html]
[us.pycon.org/2018/site_media/media/speaker_photos/95fd5aad-e438-468a-a6f4-d21103c62342.jpg.128x128_q85.jpg]
[us.pycon.org/2018/speaker/profile/119/index.html]
[us.pycon.org/2018/speaker/profile/275/index.html]
[us.pycon.org/2018/site_media/media/speaker_photos/9d88af2c-042a-48da-902f-4db3c57f52b9.JPG.128x128_q85.jpg]
[us.pycon.org/2018/speaker/profile/249/index.html]
[us.pycon.org/2018/site_media/media/speaker_photos/b0bab070-ea89-4998-b46c-142d5bbc8054.png.128x128_q85.png]
[us.pycon.org/2018/speaker/profile/281/index.html]
[us.pycon.org/2018/site_media/media/speaker_photos/e815549e-9a2a-4763-8c3c-bd868d8dbe45.jpg.128x128_q85.jpg]
[us.pycon.org/2018/speaker/profile/231/index.html]
[us.pycon.org/2018/site_media/media/speaker_photos/1dbe83b7-12ac-47b7-b4fb-c3e818d33bfc.jpg.128x128_q85.jpg]
[us.pycon.org/2018/speaker/profile/117/index.html]
[us.pycon.org/2018/speaker/profile/258/index.html]
[us.pycon.org/2018/speaker/profile/259/index.html]
[us.pycon.org/2018/speaker/profile/240/index.html]
[us.pycon.org/2018/site_media/media/speaker_photos/82f424d4-ed34-46a1-9481-c176a11904a9.jpg.128x128_q85.jpg]
[us.pycon.org/2018/speaker/profile/310/index.html]
[us.pycon.org/2018/site_media/media/speaker_photos/1a390b73-a32c-4567-b007-8de342e8aa18.jpg.128x128_q85.jpg]
[us.pycon.org/2018/speaker/profile/253/index.html]
[us.pycon.org/2018/speaker/profile/329/index.html]
[us.pycon.org/2018/speaker/profile/345/index.html]
[us.pycon.org/2018/speaker/profile/191/index.html]
[us.pycon.org/2018/speaker/profile/314/index.html]
[us.pycon.org/2018/site_media/media/speaker_photos/a0fe506e-cee7-4772-875d-bb7ebf5eee24.jpg.128x128_q85.jpg]
[us.pycon.org/2018/speaker/profile/137/index.html]
[us.pycon.org/2018/speaker/profile/112/index.html]
[us.pycon.org/2018/site_media/media/speaker_photos/b1fb4234-5d6d-42eb-b024-2416ac21f1dd.jpg.128x128_q85.jpg]
[us.pycon.org/2018/speaker/profile/1/index.html]
[us.pycon.org/2018/site_media/media/speaker_photos/5361e4b5-16a7-43ac-b4da-b4fbe2e770a3.jpg.128x128_q85.jpg]
[us.pycon.org/2018/speaker/profile/76/index.html]
[us.pycon.org/2018/site_media/media/speaker_photos/6d8bd97e-72a1-4afb-8a44-87cc38b6cfc4.png.128x128_q85.jpg]
[us.pycon.org/2018/speaker/profile/220/index.html]
[us.pycon.org/2018/speaker/profile/203/index.html]
[us.pycon.org/2018/site_media/media/speaker_photos/35fd515f-0718-4475-a0ab-777d631190ff.JPG.128x128_q85.jpg]
[us.pycon.org/2018/speaker/profile/853/index.html]
[us.pycon.org/2018/site_media/media/speaker_photos/4fc2db47-2c59-4bc2-a26c-62320cc6fb1d.jpg.128x128_q85.jpg]
[us.pycon.org/2018/speaker/profile/181/index.html]
[us.pycon.org/2018/site_media/media/speaker_photos/425ad8d0-ab5b-4dc9-84ab-3c67476f5957.png.128x128_q85.png]
[us.pycon.org/2018/speaker/profile/332/index.html]
[us.pycon.org/2018/site_media/media/speaker_photos/24f8d208-95fc-4e80-b676-339ac38cadaa.png.128x128_q85.png]
[us.pycon.org/2018/speaker/profile/333/index.html]
[us.pycon.org/2018/site_media/media/speaker_photos/ee168909-73e9-43e8-9bc2-aae29cb58ce9.jpg.128x128_q85.jpg]
[us.pycon.org/2018/speaker/profile/214/index.html]
[us.pycon.org/2018/site_media/media/speaker_photos/ba15e97e-54f8-49c0-a05a-60341de42bfb.jpeg.128x128_q85.jpg]
[us.pycon.org/2018/speaker/profile/120/index.html]
[us.pycon.org/2018/speaker/profile/242/index.html]
[us.pycon.org/2018/speaker/profile/274/index.html]
[us.pycon.org/2018/site_media/media/speaker_photos/0db5f588-c58c-4f64-8c64-bcc274115886.jpeg.128x128_q85.jpg]
[us.pycon.org/2018/speaker/profile/322/index.html]
[us.pycon.org/2018/site_media/media/speaker_photos/d741a956-6546-4311-9ea7-3d974b0ff3fb.jpg.128x128_q85.jpg]
[us.pycon.org/2018/speaker/profile/321/index.html]
[us.pycon.org/2018/site_media/media/speaker_photos/0cd59e83-76b8-4374-8839-56fc869deb0d.jpeg.128x128_q85.jpg]
[us.pycon.org/2018/speaker/profile/471/index.html]
[us.pycon.org/2018/site_media/media/speaker_photos/a3fbf43c-acd9-4546-a8b5-149a1b62f3ee.JPG.128x128_q85.jpg]
[us.pycon.org/2018/speaker/profile/873/index.html]
[us.pycon.org/2018/site_media/media/speaker_photos/16b85a9a-9b07-4617-8e8c-66cefb17bbaa.jpg.128x128_q85.jpg]
[us.pycon.org/2018/speaker/profile/872/index.html]
[us.pycon.org/2018/site_media/media/speaker_photos/ff912165-435d-4d6a-9f22-86445a23daad.JPG.128x128_q85.jpg]
[us.pycon.org/2018/speaker/profile/854/index.html]
[us.pycon.org/2018/site_media/media/speaker_photos/b6e518a4-9cad-45ab-b195-b9ef31ba955d.jpg.128x128_q85.jpg]
[us.pycon.org/2018/speaker/profile/851/index.html]
[us.pycon.org/2018/site_media/media/speaker_photos/ebdd2577-f8bc-44d7-9008-117aaf8d5740.png.128x128_q85.png]
[us.pycon.org/2018/speaker/profile/852/index.html]
[us.pycon.org/2018/site_media/media/speaker_photos/b19f3655-83df-41ff-a5be-284e0835ebf7.jpg.128x128_q85.jpg]
[us.pycon.org/2018/speaker/profile/390/index.html]
[us.pycon.org/2018/speaker/profile/867/index.html]
[us.pycon.org/2018/site_media/media/speaker_photos/b70e7ba8-40b7-440d-9c04-e3220f165ff7.JPG.128x128_q85.jpg]
[us.pycon.org/2018/speaker/profile/140/index.html]
[us.pycon.org/2018/speaker/profile/706/index.html]
[us.pycon.org/2018/speaker/profile/859/index.html]
[us.pycon.org/2018/speaker/profile/871/index.html]
[us.pycon.org/2018/site_media/media/speaker_photos/e8b6b5f2-0471-4190-971b-f4018d125863.jpg.128x128_q85.jpg]
[us.pycon.org/2018/speaker/profile/875/index.html]
[us.pycon.org/2018/speaker/profile/768/index.html]
[us.pycon.org/2018/site_media/media/speaker_photos/b2fe04f0-82c8-4a98-a88b-bed14d6b56b5.jpg.128x128_q85.jpg]
[us.pycon.org/2018/speaker/profile/794/index.html]
[us.pycon.org/2018/site_media/media/speaker_photos/25ee5e53-28a5-42b2-8274-45b6d364fdab.jpg.128x128_q85.jpg]
[us.pycon.org/2018/speaker/profile/194/index.html]
[us.pycon.org/2018/site_media/media/speaker_photos/ece76498-701c-4ce9-bd61-a72a422e6cbd.jpg.128x128_q85.jpg]
[us.pycon.org/2018/speaker/profile/412/index.html]
[us.pycon.org/2018/site_media/media/speaker_photos/d408e9fb-a353-4f5c-91e0-8355205d4940.png.128x128_q85.jpg]
[us.pycon.org/2018/speaker/profile/85/index.html]
[us.pycon.org/2018/site_media/media/speaker_photos/ccafaeb0-e805-41d5-a74b-8e668b5cb677.jpg.128x128_q85.jpg]
[us.pycon.org/2018/speaker/profile/515/index.html]
[us.pycon.org/2018/speaker/profile/126/index.html]
[us.pycon.org/2018/site_media/media/speaker_photos/31853b72-b244-434f-9d51-ae7ba7ba6dbd.jpg.128x128_q85.jpg]
[us.pycon.org/2018/speaker/profile/568/index.html]
[us.pycon.org/2018/site_media/media/speaker_photos/379dfc30-551c-418e-b5a6-a8f7d7dc7f27.jpg.128x128_q85.jpg]
[us.pycon.org/2018/speaker/profile/23/index.html]
[us.pycon.org/2018/site_media/media/speaker_photos/268ba8f2-e705-45c7-a5ca-f3a77e645df9.jpg.128x128_q85.jpg]
[us.pycon.org/2018/speaker/profile/744/index.html]
[us.pycon.org/2018/site_media/media/speaker_photos/f9948d71-dc05-4aff-b600-c28c5557f65e.jpg.128x128_q85.jpg]
[us.pycon.org/2018/speaker/profile/661/index.html]
[us.pycon.org/2018/site_media/media/speaker_photos/68b3e8b8-c722-4fa3-93da-54ce5d16c174.jpg.128x128_q85.jpg]
[us.pycon.org/2018/speaker/profile/27/index.html]
[us.pycon.org/2018/site_media/media/speaker_photos/7e489fc9-5229-4cf7-a165-1a50a0152383.jpg.128x128_q85.jpg]
[us.pycon.org/2018/speaker/profile/723/index.html]
[us.pycon.org/2018/site_media/media/speaker_photos/38db8b0e-2b49-48ba-bef1-8f5bc687698e.jpg.128x128_q85.jpg]
[us.pycon.org/2018/speaker/profile/179/index.html]
[us.pycon.org/2018/site_media/media/speaker_photos/2f8dca0c-5cd4-4b85-af2d-f8cae6927d5e.png.128x128_q85.jpg]
[us.pycon.org/2018/speaker/profile/680/index.html]
[us.pycon.org/2018/site_media/media/speaker_photos/d1485a7a-70b2-46b8-a9fb-ad7aa80da367.jpg.128x128_q85.jpg]
[us.pycon.org/2018/speaker/profile/91/index.html]
[us.pycon.org/2018/speaker/profile/690/index.html]
[us.pycon.org/2018/site_media/media/speaker_photos/623c9bf1-2a29-4359-87e4-4d6919d7c3d4.jpg.128x128_q85.jpg]
[us.pycon.org/2018/speaker/profile/486/index.html]
[us.pycon.org/2018/speaker/profile/450/index.html]
[us.pycon.org/2018/site_media/media/speaker_photos/a9c09cc5-f47c-48ed-bf5e-9a7aa2a31c4c.jpg.128x128_q85.jpg]
[us.pycon.org/2018/speaker/profile/411/index.html]
[us.pycon.org/2018/site_media/media/speaker_photos/95489aa1-3435-407c-808a-982f601c5594.jpg.128x128_q85.jpg]
[us.pycon.org/2018/speaker/profile/96/index.html]
[us.pycon.org/2018/site_media/media/speaker_photos/d4b50ce3-485c-4d21-8887-0130a5fe0449.jpg.128x128_q85.jpg]
[us.pycon.org/2018/speaker/profile/828/index.html]
[us.pycon.org/2018/speaker/profile/271/index.html]
[us.pycon.org/2018/site_media/media/speaker_photos/5969d26a-207f-4fe7-9313-bea27f3356d3.jpg.128x128_q85.jpg]
[us.pycon.org/2018/speaker/profile/739/index.html]
[us.pycon.org/2018/site_media/media/speaker_photos/28c01842-f9fb-430e-9873-b0572a649d8b.jpg.128x128_q85.jpg]
[us.pycon.org/2018/speaker/profile/613/index.html]
[us.pycon.org/2018/speaker/profile/870/index.html]
[us.pycon.org/2018/site_media/media/speaker_photos/e626710d-7cc6-4462-b358-d1fd6ecafca4.png.128x128_q85.png]
[us.pycon.org/2018/speaker/profile/559/index.html]
[us.pycon.org/2018/site_media/media/speaker_photos/ce6da3f9-67e0-44c6-9e25-39faaef3992a.jpg.128x128_q85.jpg]
[us.pycon.org/2018/speaker/profile/262/index.html]
[us.pycon.org/2018/site_media/media/speaker_photos/6efca190-c6f5-4e09-9100-eb551cecb0b6.JPG.128x128_q85.jpg]
[us.pycon.org/2018/speaker/profile/824/index.html]
[us.pycon.org/2018/site_media/media/speaker_photos/8b7ee760-8fa7-48c8-929f-7c9233d6b058.jpg.128x128_q85.jpg]
[us.pycon.org/2018/speaker/profile/541/index.html]
[us.pycon.org/2018/site_media/media/speaker_photos/4da69431-6f89-40ca-b1dc-4e8b99c2eb0c.jpg.128x128_q85.jpg]
[us.pycon.org/2018/speaker/profile/183/index.html]
[us.pycon.org/2018/site_media/media/speaker_photos/f3306628-005c-4bbf-b35d-47d9e3ba420b.jpeg.128x128_q85.jpg]
[us.pycon.org/2018/speaker/profile/860/index.html]
[us.pycon.org/2018/site_media/media/speaker_photos/ada714c3-1e4d-4cc9-bb47-0a7b33961c22.jpg.128x128_q85.jpg]
[us.pycon.org/2018/speaker/profile/457/index.html]
[us.pycon.org/2018/site_media/media/speaker_photos/bf6b58fd-596b-4de6-944f-e7f4d10c61ac.jpeg.128x128_q85.jpg]
[us.pycon.org/2018/speaker/profile/477/index.html]
[us.pycon.org/2018/site_media/media/speaker_photos/c450e529-00d3-4af0-bc2d-0ae4699998fe.jpeg.128x128_q85.jpg]
[us.pycon.org/2018/speaker/profile/505/index.html]
[us.pycon.org/2018/speaker/profile/507/index.html]
[us.pycon.org/2018/site_media/media/speaker_photos/88fd303b-2ffc-40bf-a776-f5cd1e08c82e.png.128x128_q85.png]
[us.pycon.org/2018/speaker/profile/28/index.html]
[us.pycon.org/2018/site_media/media/speaker_photos/e90f8116-8c09-4740-bdbd-3d5a11443de7.jpg.128x128_q85.jpg]
[us.pycon.org/2018/speaker/profile/151/index.html]
[us.pycon.org/2018/speaker/profile/861/index.html]
[us.pycon.org/2018/site_media/media/speaker_photos/cbe9c7e9-9008-467b-82f0-e9eefc0079ed.jpg.128x128_q85.jpg]
[us.pycon.org/2018/speaker/profile/782/index.html]
[us.pycon.org/2018/site_media/media/speaker_photos/471de40d-99c4-4557-abc4-91b106af65d4.jpeg.128x128_q85.jpg]
[us.pycon.org/2018/speaker/profile/7/index.html]
[us.pycon.org/2018/speaker/profile/733/index.html]
[us.pycon.org/2018/site_media/media/speaker_photos/b30f3db8-bd7c-486a-a7fe-74aa01faecbf.JPG.128x128_q85.jpg]
[us.pycon.org/2018/speaker/profile/551/index.html]
[us.pycon.org/2018/site_media/media/speaker_photos/aad04250-03af-4621-bae0-33e04db27805.jpg.128x128_q85.jpg]
[us.pycon.org/2018/speaker/profile/282/index.html]
[us.pycon.org/2018/speaker/profile/869/index.html]
[us.pycon.org/2018/site_media/media/speaker_photos/7ecc1619-1219-4f57-aa68-397348b51b3b.jpg.128x128_q85.jpg]
[us.pycon.org/2018/speaker/profile/93/index.html]
[us.pycon.org/2018/site_media/media/speaker_photos/38ed715c-16ac-49a3-b07b-dd10743189cb.jpg.128x128_q85.jpg]
[us.pycon.org/2018/speaker/profile/373/index.html]
[us.pycon.org/2018/site_media/media/speaker_photos/3bb48cd9-8853-4a9c-821d-56eefda507e5.jpg.128x128_q85.jpg]
[us.pycon.org/2018/speaker/profile/283/index.html]
[us.pycon.org/2018/site_media/media/speaker_photos/703c5f17-90a5-4c49-b8bf-345ba2f16ce2.png.128x128_q85.png]
[us.pycon.org/2018/speaker/profile/512/index.html]
[us.pycon.org/2018/site_media/media/speaker_photos/87ce6e6d-f197-45a5-b2ca-bb8c37b8a78f.jpg.128x128_q85.jpg]
[us.pycon.org/2018/speaker/profile/52/index.html]
[us.pycon.org/2018/site_media/media/speaker_photos/623a98ae-9ef3-4971-b9be-352e7994c1d2.jpeg.128x128_q85.jpg]
[us.pycon.org/2018/speaker/profile/863/index.html]
[us.pycon.org/2018/site_media/media/speaker_photos/f11ce00c-0685-4933-aee7-a7e93c1caa57.png.128x128_q85.png]
[us.pycon.org/2018/speaker/profile/188/index.html]
[us.pycon.org/2018/site_media/media/speaker_photos/a0ae866a-3a21-4b21-87da-f6208ca5eaa2.jpg.128x128_q85.jpg]
[us.pycon.org/2018/speaker/profile/139/index.html]
[us.pycon.org/2018/site_media/media/speaker_photos/034cfa85-80bd-4835-a52a-405aa84a1d94.jpg.128x128_q85.jpg]
[us.pycon.org/2018/speaker/profile/384/index.html]
[us.pycon.org/2018/site_media/media/speaker_photos/85541804-2e5b-41fb-b531-960bc2a530b5.jpg.128x128_q85.jpg]
[us.pycon.org/2018/speaker/profile/511/index.html]
[us.pycon.org/2018/site_media/media/speaker_photos/9effd62d-f16e-47a9-adcf-c07b13883f3d.JPG.128x128_q85.jpg]
[us.pycon.org/2018/speaker/profile/829/index.html]
[us.pycon.org/2018/site_media/media/speaker_photos/b0126864-92c9-4a49-9813-0a400700eb93.jpeg.128x128_q85.jpg]
[us.pycon.org/2018/speaker/profile/865/index.html]
[us.pycon.org/2018/site_media/media/speaker_photos/22d3ada6-f2ac-4584-ae94-326f50202212.JPG.128x128_q85.jpg]
[us.pycon.org/2018/speaker/profile/372/index.html]
[us.pycon.org/2018/site_media/media/speaker_photos/0d0cb4a6-3d1d-4b8e-aad8-625dcdf78936.jpg.128x128_q85.jpg]
[us.pycon.org/2018/speaker/profile/208/index.html]
[us.pycon.org/2018/site_media/media/speaker_photos/bb7af547-95be-47a7-b9f1-323a45aae388.jpg.128x128_q85.jpg]
[us.pycon.org/2018/speaker/profile/648/index.html]
[us.pycon.org/2018/site_media/media/speaker_photos/0541a26c-ba2b-4862-aa99-94a0bf7fd821.jpeg.128x128_q85.jpg]
[us.pycon.org/2018/speaker/profile/805/index.html]
[us.pycon.org/2018/site_media/media/speaker_photos/9b5c733e-af6a-45e8-a260-0a6d0efaa3c4.jpg.128x128_q85.jpg]
[us.pycon.org/2018/speaker/profile/639/index.html]
[us.pycon.org/2018/site_media/media/speaker_photos/1fa8b658-e104-4f1f-b407-050dd46859ef.jpeg.128x128_q85.jpg]
[us.pycon.org/2018/speaker/profile/866/index.html]
[us.pycon.org/2018/site_media/media/speaker_photos/5e02bad7-7c88-4ba0-87eb-8ff25ae70212.jpg.128x128_q85.jpg]
[us.pycon.org/2018/speaker/profile/677/index.html]
[us.pycon.org/2018/site_media/media/speaker_photos/dcdd78be-5bbb-44ad-886f-f0726ee36054.jpeg.128x128_q85.jpg]
[us.pycon.org/2018/speaker/profile/552/index.html]
[us.pycon.org/2018/site_media/media/speaker_photos/795e64cf-d575-4dc2-b322-d6a0c46fef96.jpeg.128x128_q85.jpg]
[us.pycon.org/2018/speaker/profile/569/index.html]
[us.pycon.org/2018/site_media/media/speaker_photos/b8712a17-68e3-482c-9b3e-7669785c1a44.JPG.128x128_q85.jpg]
[us.pycon.org/2018/speaker/profile/356/index.html]
[us.pycon.org/2018/site_media/media/speaker_photos/a6122dd6-c867-48f3-a5ca-184042e75e02.jpg.128x128_q85.jpg]
[us.pycon.org/2018/speaker/profile/652/index.html]
[us.pycon.org/2018/site_media/media/speaker_photos/e550d7cd-9d75-4731-833f-096e213417ae.png.128x128_q85.png]
[us.pycon.org/2018/speaker/profile/4/index.html]
[us.pycon.org/2018/speaker/profile/617/index.html]
[us.pycon.org/2018/speaker/profile/123/index.html]
[us.pycon.org/2018/site_media/media/speaker_photos/1c90891b-b11c-4430-964d-4d14f9c3ff5d.png.128x128_q85.png]
[us.pycon.org/2018/speaker/profile/651/index.html]
[us.pycon.org/2018/site_media/media/speaker_photos/c711b7ce-9833-46ca-9a3c-e5c9735f71cc.jpg.128x128_q85.jpg]
[us.pycon.org/2018/speaker/profile/722/index.html]
[us.pycon.org/2018/site_media/media/speaker_photos/7afbdce0-9e66-4291-be0f-979cfc90ad32.jpg.128x128_q85.png]
[us.pycon.org/2018/speaker/profile/767/index.html]
[us.pycon.org/2018/site_media/media/speaker_photos/e7521904-6988-4c05-8f76-bba9f93fc574.jpg.128x128_q85.jpg]
[us.pycon.org/2018/speaker/profile/742/index.html]
[us.pycon.org/2018/speaker/profile/216/index.html]
[us.pycon.org/2018/speaker/profile/447/index.html]
[us.pycon.org/2018/site_media/media/speaker_photos/84975dac-78d7-4ea8-87d9-1924c9534cec.JPG.128x128_q85.jpg]
[us.pycon.org/2018/speaker/profile/561/index.html]
[us.pycon.org/2018/site_media/media/speaker_photos/8711d1eb-0216-4c16-a718-40475496e3fa.jpg.128x128_q85.jpg]
[us.pycon.org/2018/speaker/profile/276/index.html]
[us.pycon.org/2018/site_media/media/speaker_photos/30ec3e33-8852-41c9-bdc8-8c618204244e.jpeg.128x128_q85.jpg]
[us.pycon.org/2018/speaker/profile/791/index.html]
[us.pycon.org/2018/site_media/media/speaker_photos/23abc15b-aebb-4e87-b8a4-141c59f9d20f.jpeg.128x128_q85.jpg]
[us.pycon.org/2018/speaker/profile/433/index.html]
[us.pycon.org/2018/site_media/media/speaker_photos/1042531f-825e-4a68-a3c7-e34390e0c94c.jpg.128x128_q85.jpg]
[us.pycon.org/2018/speaker/profile/434/index.html]
[us.pycon.org/2018/site_media/media/speaker_photos/9c5df2e3-ae95-4013-97dc-3c326ae35e2d.png.128x128_q85.jpg]
[us.pycon.org/2018/speaker/profile/557/index.html]
[us.pycon.org/2018/site_media/media/speaker_photos/6db66f0a-e960-499a-b2b7-13849ee1afa1.jpg.128x128_q85.jpg]
[us.pycon.org/2018/speaker/profile/318/index.html]
[us.pycon.org/2018/site_media/media/speaker_photos/bbb5b0c0-0a88-44a9-978e-d74d6c76417e.png.128x128_q85.png]
[us.pycon.org/2018/speaker/profile/533/index.html]
[us.pycon.org/2018/site_media/media/speaker_photos/ddbc5669-aa0f-4d4a-9f83-675f76285f65.JPG.128x128_q85.jpg]
[us.pycon.org/2018/speaker/profile/820/index.html]
[us.pycon.org/2018/speaker/profile/131/index.html]
[us.pycon.org/2018/site_media/media/speaker_photos/35ab63ad-81cb-478b-8eb1-12875b840b80.jpg.128x128_q85.jpg]
[us.pycon.org/2018/speaker/profile/874/index.html]
[us.pycon.org/2018/speaker/profile/468/index.html]
[us.pycon.org/2018/site_media/media/speaker_photos/fa3ea8dd-46fa-4023-a817-cdf75cf75f88.jpg.128x128_q85.jpg]
[us.pycon.org/2018/speaker/profile/809/index.html]
[us.pycon.org/2018/site_media/media/speaker_photos/de68a2ff-ac76-4e57-a939-f53137676c43.jpg.128x128_q85.jpg]
[us.pycon.org/2018/speaker/profile/268/index.html]
[us.pycon.org/2018/site_media/media/speaker_photos/6ee642f6-cb94-4093-abcf-fe6ba282424c.jpg.128x128_q85.jpg]
[us.pycon.org/2018/speaker/profile/501/index.html]
[us.pycon.org/2018/site_media/media/speaker_photos/9cb033f7-76bc-4fd6-9dd9-f7832e94e113.JPG.128x128_q85.jpg]
[us.pycon.org/2018/speaker/profile/407/index.html]
[us.pycon.org/2018/site_media/media/speaker_photos/3e5f0edc-d0cb-4be9-add7-35839922735f.jpg.128x128_q85.jpg]
[us.pycon.org/2018/speaker/profile/248/index.html]
[us.pycon.org/2018/site_media/media/speaker_photos/b2ecd913-d902-48d7-a5f0-0ec2c7cae722.jpg.128x128_q85.jpg]
[us.pycon.org/2018/speaker/profile/163/index.html]
[us.pycon.org/2018/speaker/profile/493/index.html]
[us.pycon.org/2018/site_media/media/speaker_photos/ee61ec9c-f1c5-4607-ba68-7936b51f7e74.jpg.128x128_q85.jpg]
[us.pycon.org/2018/speaker/profile/549/index.html]
[us.pycon.org/2018/speaker/profile/38/index.html]
[us.pycon.org/2018/speaker/profile/364/index.html]
[us.pycon.org/2018/site_media/media/speaker_photos/c254a983-9a58-4b75-ab0d-184d6f6a7983.jpg.128x128_q85.jpg]
[us.pycon.org/2018/speaker/profile/264/index.html]
[us.pycon.org/2018/site_media/media/speaker_photos/aeac3770-cce0-40a1-8cb9-5f80bcc82e88.jpg.128x128_q85.jpg]
[us.pycon.org/2018/speaker/profile/761/index.html]
[us.pycon.org/2018/site_media/media/speaker_photos/b6c57fb0-5191-4e7b-acd6-10d5fdb39804.jpeg.128x128_q85.jpg]
[us.pycon.org/2018/speaker/profile/499/index.html]
[us.pycon.org/2018/site_media/media/speaker_photos/62dc0761-6c24-49b1-bebe-cc657a2f5588.jpg.128x128_q85.jpg]
[us.pycon.org/2018/speaker/profile/524/index.html]
[us.pycon.org/2018/speaker/profile/494/index.html]
[us.pycon.org/2018/site_media/media/speaker_photos/63b5d262-8cf6-42ec-ac22-99822298c21b.jpg.128x128_q85.jpg]
[us.pycon.org/2018/speaker/profile/667/index.html]
[us.pycon.org/2018/site_media/media/speaker_photos/ee477f54-8089-45b9-ba39-98ea33650ac3.jpg.128x128_q85.jpg]
[us.pycon.org/2018/speaker/profile/484/index.html]
[us.pycon.org/2018/site_media/media/speaker_photos/424d91fd-be3f-4e77-b336-97bcf5c8f5c2.jpg.128x128_q85.jpg]
[us.pycon.org/2018/speaker/profile/12/index.html]
[us.pycon.org/2018/speaker/profile/229/index.html]
[us.pycon.org/2018/site_media/media/speaker_photos/72f796aa-1888-4683-acc0-a7c40389d604.jpg.128x128_q85.jpg]
[us.pycon.org/2018/speaker/profile/134/index.html]
[us.pycon.org/2018/site_media/media/speaker_photos/f6b81b4d-a4d3-4371-993e-b16832b04284.jpg.128x128_q85.jpg]
[us.pycon.org/2018/speaker/profile/645/index.html]
[us.pycon.org/2018/site_media/media/speaker_photos/691ed304-0b1c-4fe1-a441-79a5e30dea70.JPG.128x128_q85.jpg]
[us.pycon.org/2018/speaker/profile/148/index.html]
[us.pycon.org/2018/site_media/media/speaker_photos/0120efee-56e1-4a9f-879a-adad2550379b.jpg.128x128_q85.jpg]
[us.pycon.org/2018/speaker/profile/487/index.html]
[us.pycon.org/2018/speaker/profile/594/index.html]
[us.pycon.org/2018/speaker/profile/692/index.html]
[us.pycon.org/2018/site_media/media/speaker_photos/e6b70af5-1535-4200-84b4-70b1dd7e6427.jpg.128x128_q85.jpg]
[us.pycon.org/2018/speaker/profile/534/index.html]
[us.pycon.org/2018/speaker/profile/498/index.html]
[us.pycon.org/2018/site_media/media/speaker_photos/b6d41e62-8f75-4581-bffa-0b1446c10f60.jpg.128x128_q85.jpg]
[us.pycon.org/2018/speaker/profile/497/index.html]
[us.pycon.org/2018/site_media/media/speaker_photos/41096c0a-0711-481e-889a-80145a0f7bba.jpg.128x128_q85.jpg]
[us.pycon.org/2018/speaker/profile/474/index.html]
[us.pycon.org/2018/site_media/media/speaker_photos/fc8bc7ba-fb83-46b6-8864-32513a806dc5.PNG.128x128_q85.png]
[us.pycon.org/2018/speaker/profile/475/index.html]
[us.pycon.org/2018/site_media/media/speaker_photos/8a7afcc5-04d4-4b34-a4c8-3757a96a034b.jpeg.128x128_q85.jpg]
[us.pycon.org/2018/speaker/profile/819/index.html]
[us.pycon.org/2018/speaker/profile/599/index.html]
[us.pycon.org/2018/site_media/media/speaker_photos/76494b66-7d91-4425-a667-a28af1d9ba4c.jpg.128x128_q85.jpg]
[us.pycon.org/2018/speaker/profile/665/index.html]
[us.pycon.org/2018/site_media/media/speaker_photos/3c7dbc21-68ce-41d8-a816-ba602a29f020.jpg.128x128_q85.jpg]
[us.pycon.org/2018/speaker/profile/273/index.html]
[us.pycon.org/2018/site_media/media/speaker_photos/8ba1a234-f587-4dae-a381-01c2911a509d.jpg.128x128_q85.jpg]
[us.pycon.org/2018/speaker/profile/379/index.html]
[us.pycon.org/2018/speaker/profile/46/index.html]
[us.pycon.org/2018/site_media/media/speaker_photos/c94d92dc-769f-4514-88e4-2b61ec0b420d.png.128x128_q85.png]
[us.pycon.org/2018/speaker/profile/40/index.html]
[us.pycon.org/2018/site_media/media/speaker_photos/e01f2330-da1a-4d73-bfd9-7d751d2b4190.jpg.128x128_q85.jpg]
[us.pycon.org/2018/speaker/profile/836/index.html]
[us.pycon.org/2018/speaker/profile/500/index.html]
[us.pycon.org/2018/speaker/profile/510/index.html]
[us.pycon.org/2018/speaker/profile/463/index.html]
[us.pycon.org/2018/speaker/profile/857/index.html]
[us.pycon.org/2018/speaker/profile/856/index.html]
[us.pycon.org/2018/site_media/media/speaker_photos/a0e7b7ed-6ea8-4f9e-84da-0e26e4497d13.jpg.128x128_q85.jpg]
[us.pycon.org/2018/speaker/profile/25/index.html]
[us.pycon.org/2018/speaker/profile/855/index.html]
[us.pycon.org/2018/speaker/profile/831/index.html]
[us.pycon.org/2018/speaker/profile/643/index.html]
[us.pycon.org/2018/speaker/profile/797/index.html]
[us.pycon.org/2018/site_media/media/speaker_photos/66042b98-5946-4e9b-b0a0-1e3cb7e32f04.jpg.128x128_q85.jpg]
[us.pycon.org/2018/speaker/profile/467/index.html]
[us.pycon.org/2018/speaker/profile/846/index.html]
[us.pycon.org/2018/site_media/media/speaker_photos/3a45d7c3-63e0-475b-9c4a-f8fd439c8697.jpg.128x128_q85.jpg]
[us.pycon.org/2018/speaker/profile/663/index.html]
[us.pycon.org/2018/speaker/profile/858/index.html]
[us.pycon.org/2018/site_media/media/speaker_photos/335bc6ae-04c0-4c00-933d-e1a434e84bd1.png.128x128_q85.png]
[us.pycon.org/2018/speaker/profile/550/index.html]
[us.pycon.org/2018/site_media/media/speaker_photos/245a1416-4bc8-4147-9347-24887ebad5b7.jpg.128x128_q85.jpg]
[us.pycon.org/2018/speaker/profile/518/index.html]
[us.pycon.org/2018/site_media/media/speaker_photos/953a87f4-cf9e-4448-b54b-bc20dd393372.jpg.128x128_q85.jpg]
[us.pycon.org/2018/speaker/profile/678/index.html]
[us.pycon.org/2018/site_media/media/speaker_photos/84eefdc2-36ec-43a0-a69f-e03186cc06ba.png.128x128_q85.png]
[us.pycon.org/2018/speaker/profile/521/index.html]
[us.pycon.org/2018/speaker/profile/734/index.html]
[us.pycon.org/2018/site_media/media/speaker_photos/2b519ef1-1f04-4dcc-84d6-b734edd26b25.jpeg.128x128_q85.jpg]
[us.pycon.org/2018/speaker/profile/789/index.html]
[us.pycon.org/2018/site_media/media/speaker_photos/2453cd68-6c43-4906-95bf-5b72dbc5d309.jpg.128x128_q85.jpg]
[us.pycon.org/2018/speaker/profile/300/index.html]
[us.pycon.org/2018/speaker/profile/301/index.html]
[us.pycon.org/2018/site_media/media/speaker_photos/f2b51092-3418-4c02-9702-f62ecc5b014d.jpg.128x128_q85.jpg]
[us.pycon.org/2018/speaker/profile/489/index.html]
[us.pycon.org/2018/site_media/media/speaker_photos/a82e557b-186f-4cde-8e5a-b9664d995205.jpg.128x128_q85.jpg]
[us.pycon.org/2018/speaker/profile/490/index.html]
[us.pycon.org/2018/speaker/profile/774/index.html]
[us.pycon.org/2018/speaker/profile/814/index.html]
[us.pycon.org/2018/speaker/profile/682/index.html]
[us.pycon.org/2018/site_media/media/speaker_photos/68b19b7a-b117-462f-a0ea-dcc0aa2f8bb8.jpg.128x128_q85.jpg]
[us.pycon.org/2018/speaker/profile/556/index.html]
[us.pycon.org/2018/speaker/profile/363/index.html]
[us.pycon.org/2018/speaker/profile/689/index.html]
[us.pycon.org/2018/speaker/profile/740/index.html]
[us.pycon.org/2018/site_media/media/speaker_photos/e7724ab7-d3b8-45c0-8ee0-d68f9e14994e.jpg.128x128_q85.jpg]
[us.pycon.org/2018/speaker/profile/753/index.html]
